------------------------------------------------------------
Timing Analyzer Summary
------------------------------------------------------------

Type  : Slow 1100mV 85C Model Setup 'CLK'
Slack : -6.781
TNS   : -51.715

Type  : Slow 1100mV 85C Model Setup 'STATE.Chips'
Slack : -6.245
TNS   : -32.578

Type  : Slow 1100mV 85C Model Hold 'CLK'
Slack : 0.376
TNS   : 0.000

Type  : Slow 1100mV 85C Model Hold 'STATE.Chips'
Slack : 2.459
TNS   : 0.000

Type  : Slow 1100mV 85C Model Minimum Pulse Width 'CLK'
Slack : -3.166
TNS   : -91.364

Type  : Slow 1100mV 85C Model Minimum Pulse Width 'STATE.Chips'
Slack : 0.316
TNS   : 0.000

Type  : Slow 1100mV 0C Model Setup 'CLK'
Slack : -6.576
TNS   : -47.225

Type  : Slow 1100mV 0C Model Setup 'STATE.Chips'
Slack : -6.298
TNS   : -33.625

Type  : Slow 1100mV 0C Model Hold 'CLK'
Slack : -0.088
TNS   : -0.170

Type  : Slow 1100mV 0C Model Hold 'STATE.Chips'
Slack : 2.554
TNS   : 0.000

Type  : Slow 1100mV 0C Model Minimum Pulse Width 'CLK'
Slack : -3.166
TNS   : -91.369

Type  : Slow 1100mV 0C Model Minimum Pulse Width 'STATE.Chips'
Slack : 0.276
TNS   : 0.000

Type  : Fast 1100mV 85C Model Setup 'CLK'
Slack : -3.182
TNS   : -16.559

Type  : Fast 1100mV 85C Model Setup 'STATE.Chips'
Slack : -2.100
TNS   : -9.905

Type  : Fast 1100mV 85C Model Hold 'CLK'
Slack : 0.182
TNS   : 0.000

Type  : Fast 1100mV 85C Model Hold 'STATE.Chips'
Slack : 1.118
TNS   : 0.000

Type  : Fast 1100mV 85C Model Minimum Pulse Width 'CLK'
Slack : -2.174
TNS   : -36.923

Type  : Fast 1100mV 85C Model Minimum Pulse Width 'STATE.Chips'
Slack : 0.424
TNS   : 0.000

Type  : Fast 1100mV 0C Model Setup 'CLK'
Slack : -2.695
TNS   : -11.967

Type  : Fast 1100mV 0C Model Setup 'STATE.Chips'
Slack : -1.920
TNS   : -9.228

Type  : Fast 1100mV 0C Model Hold 'CLK'
Slack : 0.108
TNS   : 0.000

Type  : Fast 1100mV 0C Model Hold 'STATE.Chips'
Slack : 1.103
TNS   : 0.000

Type  : Fast 1100mV 0C Model Minimum Pulse Width 'CLK'
Slack : -2.174
TNS   : -36.998

Type  : Fast 1100mV 0C Model Minimum Pulse Width 'STATE.Chips'
Slack : 0.442
TNS   : 0.000

------------------------------------------------------------
